---
source: crates/wows-replays/tests/packet_snapshots.rs
expression: value
---
clock: 0
packet_type: 5
payload:
  EntityCreate:
    entity_id: 1214213
    entity_type: Vehicle
    position:
      x: 540.00048828125
      y: 0
      z: 400
    props:
      airDefenseDispRadius: 0
      airDefenseTargetIds:
        - []
        - []
        - []
        - []
      antiAirAuras:
        - enabled: 1
          id: 0
        - enabled: 1
          id: 1
        - enabled: 1
          id: 2
        - enabled: 1
          id: 3
      blockedControls: 0
      buoyancy: 200000
      buoyancyCurrentState: 0
      buoyancyCurrentWaterline: 0
      buoyancyRudderIndex: 0
      burningFlags: 0
      crewModifiersCompactParams:
        isInAdaptation: 0
        learnedSkills:
          - []
          - []
          - []
          - - 3
            - 4
            - 13
            - 21
            - 24
            - 34
            - 60
          - []
          - []
        paramsId: 4293043920
      deathSettings:
        - 176
        - 199
        - 230
        - 255
      debugText: []
      deepRuddersAngle: 0
      draught: 0
      effects: []
      engineDir: 0
      enginePower: 0
      hasActiveMainSquadron: 0
      hasAirTargetsInRange: 0
      health: 20800
      ignoreMapBorders: 0
      isAlive: 1
      isAntiAirMode: 0
      isBot: 0
      isFogHornOn: 0
      isInRageMode: 0
      isInvisible: 0
      isOnForsage: 0
      laserTargetLocalPos: 0
      maxHealth: 20800
      maxServerSpeedRaw: 970920
      miscsPresetsStatus: []
      oilLeakState: 0
      owner: 1214212
      regenCrewHpLimit: 0
      regeneratedHealth: 0
      regenerationHealth: 0
      respawnTime: 0
      ruddersAngle: 0
      selectedWeapon: 0
      serverSpeedRaw: 0
      shipConfig:
        - 1
        - 0
        - 0
        - 0
        - 208
        - 54
        - 30
        - 224
        - 43
        - 0
        - 0
        - 0
        - 14
        - 0
        - 0
        - 0
        - 208
        - 46
        - 108
        - 199
        - 208
        - 174
        - 127
        - 199
        - 208
        - 46
        - 214
        - 198
        - 208
        - 174
        - 86
        - 199
        - 208
        - 174
        - 125
        - 199
        - 0
        - 0
        - 0
        - 0
        - 0
        - 0
        - 0
        - 0
        - 0
        - 0
        - 0
        - 0
        - 0
        - 0
        - 0
        - 0
        - 0
        - 0
        - 0
        - 0
        - 0
        - 0
        - 0
        - 0
        - 0
        - 0
        - 0
        - 0
        - 0
        - 0
        - 0
        - 0
        - 0
        - 0
        - 0
        - 0
        - 0
        - 0
        - 0
        - 0
        - 6
        - 0
        - 0
        - 0
        - 176
        - 207
        - 18
        - 254
        - 176
        - 207
        - 162
        - 251
        - 176
        - 207
        - 146
        - 255
        - 176
        - 207
        - 114
        - 254
        - 0
        - 0
        - 0
        - 0
        - 0
        - 0
        - 0
        - 0
        - 1
        - 0
        - 0
        - 0
        - 176
        - 111
        - 120
        - 248
        - 0
        - 0
        - 0
        - 0
        - 0
        - 0
        - 0
        - 0
        - 6
        - 0
        - 0
        - 0
        - 176
        - 159
        - 98
        - 255
        - 176
        - 159
        - 18
        - 255
        - 176
        - 159
        - 210
        - 254
        - 176
        - 159
        - 2
        - 255
        - 0
        - 0
        - 0
        - 0
        - 0
        - 0
        - 0
        - 0
        - 0
        - 0
        - 0
        - 0
        - 4
        - 0
        - 0
        - 0
        - 0
        - 0
        - 0
        - 0
        - 0
        - 0
        - 0
        - 0
        - 176
        - 239
        - 15
        - 254
        - 0
        - 0
        - 0
        - 0
        - 30
        - 0
        - 0
        - 0
        - 0
        - 0
        - 0
        - 0
        - 27
        - 0
        - 0
        - 0
      sounds: []
      speedSignDir: 1
      state:
        atba:
          atbaTargets: []
        battery: ~
        buffs:
          buffItems: []
        decals:
          heatDecals: []
          shotDecals: []
        vehicleVisualState: 0
      targetLocalPos: 65535
      teamId: 0
      torpedoLocalPos: 4607
      triggeredSkillsData: 0
      uiEnabled: 1
      visibilityFlags: 0
      waveLocalPos: 4607
      weaponLockFlags: 0
    rotation:
      pitch: 0
      roll: 0
      yaw: -3.1415927410125732
    space_id: 0
    spec_idx: 2
    state_length: 390
    vehicle_id: 7162
